[
  {
    "key": "pv1_energy_total",
    "method": "left",
    "name": "PV1 Power Total",
    "source": "pv1_power",
    "type": "integration-sensor",
    "unit_time": "h"
  },
  {
    "key": "pv2_energy_total",
    "method": "left",
    "name": "PV2 Power Total",
    "source": "pv2_power",
    "type": "integration-sensor",
    "unit_time": "h"
  },
  {
    "key": "pv3_energy_total",
    "method": "left",
    "name": "PV3 Power Total",
    "source": "pv3_power",
    "type": "integration-sensor",
    "unit_time": "h"
  },
  {
    "key": "pv4_energy_total",
    "method": "left",
    "name": "PV4 Power Total",
    "source": "pv4_power",
    "type": "integration-sensor",
    "unit_time": "h"
  },
  {
    "key": "pv_power_now",
    "name": "PV Power",
    "sources": [
      "pv1_power",
      "pv2_power",
      "pv3_power",
      "pv4_power"
    ],
    "type": "lambda"
  }
]
