[
  {
    "addresses": {
      "input": [
        11025
      ]
    },
    "key": "ambtemp",
    "name": "Ambient Temp",
    "scale": 0.1,
    "signed": true,
    "type": "sensor"
  },
  {
    "addresses": {
      "input": [
        11035
      ]
    },
    "key": "bat_current",
    "name": "Battery Current",
    "scale": 0.1,
    "signed": true,
    "type": "sensor"
  },
  {
    "addresses": {
      "input": [
        11008
      ]
    },
    "key": "battery_charge",
    "name": "Battery Charge",
    "scale": 0.001,
    "signed": true,
    "type": "sensor"
  },
  {
    "addresses": {
      "input": [
        11074
      ]
    },
    "key": "battery_charge_today",
    "name": "Battery Charge Today",
    "scale": 0.1,
    "signed": true,
    "type": "sensor"
  },
  {
    "addresses": {
      "input": [
        11073,
        11072
      ]
    },
    "key": "battery_charge_total",
    "name": "Battery Charge Total",
    "scale": 0.1,
    "signed": false,
    "type": "sensor"
  },
  {
    "addresses": {
      "input": [
        11008
      ]
    },
    "key": "battery_discharge",
    "name": "Battery Discharge",
    "scale": 0.001,
    "signed": true,
    "type": "sensor"
  },
  {
    "addresses": {
      "input": [
        11077
      ]
    },
    "key": "battery_discharge_today",
    "name": "Battery Discharge Today",
    "scale": 0.1,
    "signed": true,
    "type": "sensor"
  },
  {
    "addresses": {
      "input": [
        11076,
        11075
      ]
    },
    "key": "battery_discharge_total",
    "name": "Battery Discharge Total",
    "scale": 0.1,
    "signed": false,
    "type": "sensor"
  },
  {
    "addresses": {
      "input": [
        11036
      ]
    },
    "key": "battery_soc",
    "name": "Battery SoC",
    "scale": null,
    "signed": false,
    "type": "sensor"
  },
  {
    "addresses": {
      "input": [
        11038
      ]
    },
    "key": "battery_temp",
    "name": "Battery Temp",
    "scale": 0.1,
    "signed": true,
    "type": "sensor"
  },
  {
    "addresses": {
      "input": [
        11034
      ]
    },
    "key": "batvolt",
    "name": "Battery Voltage",
    "scale": 0.1,
    "signed": true,
    "type": "sensor"
  },
  {
    "addresses": {
      "input": [
        11045
      ]
    },
    "key": "bms_cell_mv_high",
    "name": "BMS Cell mV High",
    "scale": null,
    "signed": false,
    "type": "sensor"
  },
  {
    "addresses": {
      "input": [
        11046
      ]
    },
    "key": "bms_cell_mv_low",
    "name": "BMS Cell mV Low",
    "scale": null,
    "signed": false,
    "type": "sensor"
  },
  {
    "addresses": {
      "input": [
        11043
      ]
    },
    "key": "bms_cell_temp_high",
    "name": "BMS Cell Temp High",
    "scale": 0.1,
    "signed": true,
    "type": "sensor"
  },
  {
    "addresses": {
      "input": [
        11044
      ]
    },
    "key": "bms_cell_temp_low",
    "name": "BMS Cell Temp Low",
    "scale": 0.1,
    "signed": true,
    "type": "sensor"
  },
  {
    "addresses": {
      "input": [
        11041
      ]
    },
    "key": "bms_charge_rate",
    "name": "BMS Charge Rate",
    "scale": 0.1,
    "signed": false,
    "type": "sensor"
  },
  {
    "addresses": {
      "input": [
        11048
      ]
    },
    "key": "bms_cycle_count",
    "name": "BMS Cycle Count",
    "scale": null,
    "signed": false,
    "type": "sensor"
  },
  {
    "addresses": {
      "input": [
        11042
      ]
    },
    "key": "bms_discharge_rate",
    "name": "BMS Discharge Rate",
    "scale": 0.1,
    "signed": false,
    "type": "sensor"
  },
  {
    "addresses": {
      "input": [
        11037
      ]
    },
    "key": "bms_kwh_remaining",
    "name": "BMS kWh Remaining",
    "scale": 0.01,
    "signed": false,
    "type": "sensor"
  },
  {
    "addresses": {
      "input": [
        11049
      ]
    },
    "key": "bms_watthours_total",
    "name": "BMS Energy Throughput",
    "scale": 0.001,
    "signed": false,
    "type": "sensor"
  },
  {
    "addresses": {
      "input": [
        11022
      ]
    },
    "key": "ct2_meter",
    "name": "CT2 Meter",
    "scale": -0.001,
    "signed": true,
    "type": "sensor"
  },
  {
    "addresses": {
      "input": [
        11020
      ]
    },
    "key": "eps_frequency",
    "name": "EPS Frequency",
    "scale": 0.01,
    "signed": false,
    "type": "sensor"
  },
  {
    "addresses": {
      "input": [
        11016
      ]
    },
    "key": "eps_rcurrent",
    "name": "EPS Current",
    "scale": 0.1,
    "signed": true,
    "type": "sensor"
  },
  {
    "addresses": {
      "input": [
        11017
      ]
    },
    "key": "eps_rpower",
    "name": "EPS Power",
    "scale": 0.001,
    "signed": true,
    "type": "sensor"
  },
  {
    "addresses": {
      "input": [
        11018
      ]
    },
    "key": "eps_rpower_Q",
    "name": "EPS Power (Reactive)",
    "scale": 0.001,
    "signed": true,
    "type": "sensor"
  },
  {
    "addresses": {
      "input": [
        11019
      ]
    },
    "key": "eps_rpower_S",
    "name": "EPS Power (Apparent)",
    "scale": 0.001,
    "signed": true,
    "type": "sensor"
  },
  {
    "addresses": {
      "input": [
        11015
      ]
    },
    "key": "eps_rvolt",
    "name": "EPS Voltage",
    "scale": 0.1,
    "signed": false,
    "type": "sensor"
  },
  {
    "addresses": {
      "input": [
        11021
      ]
    },
    "key": "feed_in",
    "name": "Feed-in",
    "scale": -0.001,
    "signed": true,
    "type": "sensor"
  },
  {
    "addresses": {
      "input": [
        11080
      ]
    },
    "key": "feed_in_energy_today",
    "name": "Feed-in Today",
    "scale": 0.1,
    "signed": true,
    "type": "sensor"
  },
  {
    "addresses": {
      "input": [
        11079,
        11078
      ]
    },
    "key": "feed_in_energy_total",
    "name": "Feed-in Total",
    "scale": 0.1,
    "signed": false,
    "type": "sensor"
  },
  {
    "addresses": {
      "input": [
        11021
      ]
    },
    "key": "grid_consumption",
    "name": "Grid Consumption",
    "scale": -0.001,
    "signed": true,
    "type": "sensor"
  },
  {
    "addresses": {
      "input": [
        11083
      ]
    },
    "key": "grid_consumption_energy_today",
    "name": "Grid Consumption Today",
    "scale": 0.1,
    "signed": true,
    "type": "sensor"
  },
  {
    "addresses": {
      "input": [
        11082,
        11081
      ]
    },
    "key": "grid_consumption_energy_total",
    "name": "Grid Consumption Total",
    "scale": 0.1,
    "signed": false,
    "type": "sensor"
  },
  {
    "addresses": {
      "input": [
        11021
      ]
    },
    "key": "grid_ct",
    "name": "Grid CT",
    "scale": -0.001,
    "signed": true,
    "type": "sensor"
  },
  {
    "addresses": {
      "input": [
        11089
      ]
    },
    "key": "input_energy_today",
    "name": "Input Energy Today",
    "scale": 0.1,
    "signed": true,
    "type": "sensor"
  },
  {
    "addresses": {
      "input": [
        11088,
        11087
      ]
    },
    "key": "input_energy_total",
    "name": "Input Energy Total",
    "scale": 0.1,
    "signed": false,
    "type": "sensor"
  },
  {
    "addresses": {
      "input": [
        11007
      ]
    },
    "key": "invbatcurrent",
    "name": "Inverter Battery Current",
    "scale": 0.1,
    "signed": true,
    "type": "sensor"
  },
  {
    "addresses": {
      "input": [
        11008
      ]
    },
    "key": "invbatpower",
    "name": "Inverter Battery Power",
    "scale": 0.001,
    "signed": true,
    "type": "sensor"
  },
  {
    "addresses": {
      "input": [
        11006
      ]
    },
    "key": "invbatvolt",
    "name": "Inverter Battery Voltage",
    "scale": 0.1,
    "signed": true,
    "type": "sensor"
  },
  {
    "addresses": {
      "input": [
        11056
      ]
    },
    "key": "inverter_state",
    "name": "Inverter State",
    "states": [
      "Self Test",
      "Waiting",
      "Checking",
      "On Grid",
      "Off Grid / EPS",
      "Recoverable Fault",
      "Unrecoverable Fault"
    ],
    "type": "inverter-state-sensor"
  },
  {
    "addresses": {
      "input": [
        11024
      ]
    },
    "key": "invtemp",
    "name": "Inverter Temp",
    "scale": 0.1,
    "signed": true,
    "type": "sensor"
  },
  {
    "addresses": {
      "input": [
        11092
      ]
    },
    "key": "load_energy_today",
    "name": "Load Energy Today",
    "scale": 0.1,
    "signed": true,
    "type": "sensor"
  },
  {
    "addresses": {
      "input": [
        11023
      ]
    },
    "key": "load_power",
    "name": "Load Power",
    "scale": 0.001,
    "signed": true,
    "type": "sensor"
  },
  {
    "addresses": {
      "input": [
        11091,
        11090
      ]
    },
    "key": "load_power_total",
    "name": "Load Energy Total",
    "scale": 0.1,
    "signed": false,
    "type": "sensor"
  },
  {
    "addresses": {
      "input": [
        10018
      ]
    },
    "is_hex": false,
    "key": "manager_version",
    "name": "Version: Manager",
    "type": "sensor"
  },
  {
    "addresses": {
      "input": [
        10016
      ]
    },
    "is_hex": false,
    "key": "master_version",
    "name": "Version: Master",
    "type": "sensor"
  },
  {
    "addresses": {
      "input": [
        41007
      ]
    },
    "key": "max_charge_current",
    "name": "Max Charge Current",
    "scale": 0.1,
    "signed": true,
    "type": "sensor"
  },
  {
    "addresses": {
      "input": [
        41007
      ]
    },
    "key": "max_charge_current",
    "name": "Max Charge Current",
    "scale": 0.1,
    "type": "number"
  },
  {
    "addresses": {
      "input": [
        41008
      ]
    },
    "key": "max_discharge_current",
    "name": "Max Discharge Current",
    "scale": 0.1,
    "signed": true,
    "type": "sensor"
  },
  {
    "addresses": {
      "input": [
        41008
      ]
    },
    "key": "max_discharge_current",
    "name": "Max Discharge Current",
    "scale": 0.1,
    "type": "number"
  },
  {
    "addresses": {
      "input": [
        41010
      ]
    },
    "key": "max_soc",
    "name": "Max SoC",
    "scale": null,
    "signed": true,
    "type": "sensor"
  },
  {
    "addresses": {
      "input": [
        41010
      ]
    },
    "key": "max_soc",
    "name": "Max SoC",
    "scale": null,
    "type": "number"
  },
  {
    "addresses": {
      "input": [
        41009
      ]
    },
    "key": "min_soc",
    "name": "Min SoC",
    "scale": null,
    "signed": true,
    "type": "sensor"
  },
  {
    "addresses": {
      "input": [
        41009
      ]
    },
    "key": "min_soc",
    "name": "Min SoC",
    "scale": null,
    "type": "number"
  },
  {
    "addresses": {
      "input": [
        41011
      ]
    },
    "key": "min_soc_on_grid",
    "name": "Min SoC (On Grid)",
    "scale": null,
    "signed": true,
    "type": "sensor"
  },
  {
    "addresses": {
      "input": [
        41011
      ]
    },
    "key": "min_soc_on_grid",
    "name": "Min SoC (On Grid)",
    "scale": null,
    "type": "number"
  },
  {
    "addresses": {
      "input": [
        11001
      ]
    },
    "key": "pv1_current",
    "name": "PV1 Current",
    "scale": 0.1,
    "signed": true,
    "type": "sensor"
  },
  {
    "key": "pv1_energy_total",
    "method": "left",
    "name": "PV1 Power Total",
    "register_types": "dict_keys(['input', 'holding'])",
    "source": "pv1_power",
    "type": "integration-sensor",
    "unit_time": "h"
  },
  {
    "addresses": {
      "input": [
        11002
      ]
    },
    "key": "pv1_power",
    "name": "PV1 Power",
    "scale": 0.001,
    "signed": true,
    "type": "sensor"
  },
  {
    "addresses": {
      "input": [
        11000
      ]
    },
    "key": "pv1_voltage",
    "name": "PV1 Voltage",
    "scale": 0.1,
    "signed": true,
    "type": "sensor"
  },
  {
    "addresses": {
      "input": [
        11004
      ]
    },
    "key": "pv2_current",
    "name": "PV2 Current",
    "scale": 0.1,
    "signed": true,
    "type": "sensor"
  },
  {
    "key": "pv2_energy_total",
    "method": "left",
    "name": "PV2 Power Total",
    "register_types": "dict_keys(['input', 'holding'])",
    "source": "pv2_power",
    "type": "integration-sensor",
    "unit_time": "h"
  },
  {
    "addresses": {
      "input": [
        11005
      ]
    },
    "key": "pv2_power",
    "name": "PV2 Power",
    "scale": 0.001,
    "signed": true,
    "type": "sensor"
  },
  {
    "addresses": {
      "input": [
        11003
      ]
    },
    "key": "pv2_voltage",
    "name": "PV2 Voltage",
    "scale": 0.1,
    "signed": true,
    "type": "sensor"
  },
  {
    "addresses": {
      "input": [
        11097
      ]
    },
    "key": "pv3_current",
    "name": "PV3 Current",
    "scale": 0.1,
    "signed": true,
    "type": "sensor"
  },
  {
    "key": "pv3_energy_total",
    "method": "left",
    "name": "PV3 Power Total",
    "register_types": "dict_keys(['input', 'holding'])",
    "source": "pv3_power",
    "type": "integration-sensor",
    "unit_time": "h"
  },
  {
    "addresses": {
      "input": [
        11098
      ]
    },
    "key": "pv3_power",
    "name": "PV3 Power",
    "scale": 0.001,
    "signed": true,
    "type": "sensor"
  },
  {
    "addresses": {
      "input": [
        11096
      ]
    },
    "key": "pv3_voltage",
    "name": "PV3 Voltage",
    "scale": 0.1,
    "signed": true,
    "type": "sensor"
  },
  {
    "addresses": {
      "input": [
        11100
      ]
    },
    "key": "pv4_current",
    "name": "PV4 Current",
    "scale": 0.1,
    "signed": true,
    "type": "sensor"
  },
  {
    "key": "pv4_energy_total",
    "method": "left",
    "name": "PV4 Power Total",
    "register_types": "dict_keys(['input', 'holding'])",
    "source": "pv4_power",
    "type": "integration-sensor",
    "unit_time": "h"
  },
  {
    "addresses": {
      "input": [
        11101
      ]
    },
    "key": "pv4_power",
    "name": "PV4 Power",
    "scale": 0.001,
    "signed": true,
    "type": "sensor"
  },
  {
    "addresses": {
      "input": [
        11099
      ]
    },
    "key": "pv4_voltage",
    "name": "PV4 Voltage",
    "scale": 0.1,
    "signed": true,
    "type": "sensor"
  },
  {
    "key": "pv_power_now",
    "name": "PV Power",
    "register_types": "dict_keys(['input', 'holding'])",
    "sources": [
      "pv1_power",
      "pv2_power",
      "pv3_power",
      "pv4_power"
    ],
    "type": "lambda"
  },
  {
    "addresses": {
      "input": [
        11010
      ]
    },
    "key": "rcurrent",
    "name": "Inverter Current",
    "scale": 0.1,
    "signed": true,
    "type": "sensor"
  },
  {
    "addresses": {
      "input": [
        11014
      ]
    },
    "key": "rfreq",
    "name": "Grid Frequency",
    "scale": 0.01,
    "signed": false,
    "type": "sensor"
  },
  {
    "addresses": {
      "input": [
        11011
      ]
    },
    "key": "rpower",
    "name": "Inverter Power",
    "scale": 0.001,
    "signed": true,
    "type": "sensor"
  },
  {
    "addresses": {
      "input": [
        11012
      ]
    },
    "key": "rpower_Q",
    "name": "Inverter Power (Reactive)",
    "scale": 0.001,
    "signed": true,
    "type": "sensor"
  },
  {
    "addresses": {
      "input": [
        11013
      ]
    },
    "key": "rpower_S",
    "name": "Inverter Power (Apparent)",
    "scale": 0.001,
    "signed": true,
    "type": "sensor"
  },
  {
    "addresses": {
      "input": [
        11009
      ]
    },
    "key": "rvolt",
    "name": "Grid Voltage",
    "scale": 0.1,
    "signed": false,
    "type": "sensor"
  },
  {
    "addresses": {
      "input": [
        10017
      ]
    },
    "is_hex": false,
    "key": "slave_version",
    "name": "Version: Slave",
    "type": "sensor"
  },
  {
    "addresses": {
      "input": [
        11071
      ]
    },
    "key": "solar_energy_today",
    "name": "Solar Generation Today",
    "scale": 0.1,
    "signed": false,
    "type": "sensor"
  },
  {
    "addresses": {
      "input": [
        11070,
        11069
      ]
    },
    "key": "solar_energy_total",
    "name": "Solar Generation Total",
    "scale": 0.1,
    "signed": false,
    "type": "sensor"
  },
  {
    "addresses": {
      "input": [
        41001
      ]
    },
    "key": "time_period_1_enable_charge_from_grid",
    "name": "Period 1 - Enable Charge from Grid",
    "type": "binary-sensor"
  },
  {
    "end_addresses": {
      "input": [
        41003
      ]
    },
    "key": "time_period_1_enable_force_charge",
    "name": "Period 1 - Enable Force Charge",
    "start_addresses": {
      "input": [
        41002
      ]
    },
    "type": "charge-period-enabled"
  },
  {
    "addresses": {
      "input": [
        41003
      ]
    },
    "key": "time_period_1_end",
    "name": "Period 1 - End",
    "other_addresses": {
      "input": [
        41002
      ]
    },
    "type": "charge-period-time"
  },
  {
    "addresses": {
      "input": [
        41002
      ]
    },
    "key": "time_period_1_start",
    "name": "Period 1 - Start",
    "other_addresses": {
      "input": [
        41003
      ]
    },
    "type": "charge-period-time"
  },
  {
    "addresses": {
      "input": [
        41004
      ]
    },
    "key": "time_period_2_enable_charge_from_grid",
    "name": "Period 2 - Enable Charge from Grid",
    "type": "binary-sensor"
  },
  {
    "end_addresses": {
      "input": [
        41006
      ]
    },
    "key": "time_period_2_enable_force_charge",
    "name": "Period 2 - Enable Force Charge",
    "start_addresses": {
      "input": [
        41005
      ]
    },
    "type": "charge-period-enabled"
  },
  {
    "addresses": {
      "input": [
        41006
      ]
    },
    "key": "time_period_2_end",
    "name": "Period 2 - End",
    "other_addresses": {
      "input": [
        41005
      ]
    },
    "type": "charge-period-time"
  },
  {
    "addresses": {
      "input": [
        41005
      ]
    },
    "key": "time_period_2_start",
    "name": "Period 2 - Start",
    "other_addresses": {
      "input": [
        41006
      ]
    },
    "type": "charge-period-time"
  },
  {
    "addresses": {
      "input": [
        11086
      ]
    },
    "key": "total_yield_today",
    "name": "Yield Today",
    "scale": 0.1,
    "signed": true,
    "type": "sensor"
  },
  {
    "addresses": {
      "input": [
        11085,
        11084
      ]
    },
    "key": "total_yield_total",
    "name": "Yield Total",
    "scale": 0.1,
    "signed": false,
    "type": "sensor"
  },
  {
    "addresses": {
      "input": [
        41000
      ]
    },
    "key": "work_mode",
    "name": "Work Mode",
    "type": "select",
    "values": {
      "0": "Self Use",
      "1": "Feed-in First",
      "2": "Back-up"
    }
  }
]
