[
  {
    "addresses": [
      31019
    ],
    "key": "ambtemp",
    "name": "Ambient Temp",
    "scale": 0.1,
    "signed": true,
    "type": "sensor"
  },
  {
    "addresses": [
      31022
    ],
    "key": "battery_charge",
    "name": "Battery Charge",
    "scale": 0.001,
    "signed": true,
    "type": "sensor"
  },
  {
    "key": "battery_charge_total",
    "method": "left",
    "name": "Battery Charge Total",
    "source": "battery_charge",
    "type": "integration-sensor",
    "unit_time": "h"
  },
  {
    "addresses": [
      31022
    ],
    "key": "battery_discharge",
    "name": "Battery Discharge",
    "scale": 0.001,
    "signed": true,
    "type": "sensor"
  },
  {
    "key": "battery_discharge_total",
    "method": "left",
    "name": "Battery Discharge Total",
    "source": "battery_discharge",
    "type": "integration-sensor",
    "unit_time": "h"
  },
  {
    "addresses": [
      31024
    ],
    "key": "battery_soc",
    "name": "Battery SoC",
    "scale": null,
    "signed": false,
    "type": "sensor"
  },
  {
    "addresses": [
      31023
    ],
    "key": "battery_temp",
    "name": "Battery Temp",
    "scale": 0.1,
    "signed": true,
    "type": "sensor"
  },
  {
    "addresses": [
      31025
    ],
    "key": "bms_charge_rate",
    "name": "BMS Charge Rate",
    "scale": 0.1,
    "signed": false,
    "type": "sensor"
  },
  {
    "addresses": [
      31026
    ],
    "key": "bms_discharge_rate",
    "name": "BMS Discharge Rate",
    "scale": 0.1,
    "signed": false,
    "type": "sensor"
  },
  {
    "addresses": [
      31015
    ],
    "key": "ct2_meter",
    "name": "CT2 Meter",
    "scale": 0.001,
    "signed": true,
    "type": "sensor"
  },
  {
    "addresses": [
      31013
    ],
    "key": "eps_frequency",
    "name": "EPS Frequency",
    "scale": 0.01,
    "signed": false,
    "type": "sensor"
  },
  {
    "addresses": [
      31011
    ],
    "key": "eps_rcurrent",
    "name": "EPS Current",
    "scale": 0.1,
    "signed": true,
    "type": "sensor"
  },
  {
    "addresses": [
      31012
    ],
    "key": "eps_rpower",
    "name": "EPS Power",
    "scale": 0.001,
    "signed": true,
    "type": "sensor"
  },
  {
    "addresses": [
      31010
    ],
    "key": "eps_rvolt",
    "name": "EPS Voltage",
    "scale": 0.1,
    "signed": false,
    "type": "sensor"
  },
  {
    "addresses": [
      31014
    ],
    "key": "feed_in",
    "name": "Feed-in",
    "scale": 0.001,
    "signed": true,
    "type": "sensor"
  },
  {
    "key": "feed_in_energy_total",
    "method": "left",
    "name": "Feed-in Total",
    "source": "feed_in",
    "type": "integration-sensor",
    "unit_time": "h"
  },
  {
    "addresses": [
      31014
    ],
    "key": "grid_consumption",
    "name": "Grid Consumption",
    "scale": 0.001,
    "signed": true,
    "type": "sensor"
  },
  {
    "key": "grid_consumption_energy_total",
    "method": "left",
    "name": "Grid Consumption Total",
    "source": "grid_consumption",
    "type": "integration-sensor",
    "unit_time": "h"
  },
  {
    "addresses": [
      31014
    ],
    "key": "grid_ct",
    "name": "Grid CT",
    "scale": 0.001,
    "signed": true,
    "type": "sensor"
  },
  {
    "addresses": [
      31021
    ],
    "key": "invbatcurrent",
    "name": "Inverter Battery Current",
    "scale": 0.1,
    "signed": true,
    "type": "sensor"
  },
  {
    "addresses": [
      31022
    ],
    "key": "invbatpower",
    "name": "Inverter Battery Power",
    "scale": 0.001,
    "signed": true,
    "type": "sensor"
  },
  {
    "addresses": [
      31020
    ],
    "key": "invbatvolt",
    "name": "Inverter Battery Voltage",
    "scale": 0.1,
    "signed": true,
    "type": "sensor"
  },
  {
    "addresses": [
      31031,
      31032,
      31034,
      31035,
      31036,
      31037,
      31038
    ],
    "faults": [
      [
        "Grid Lost Fault",
        "Grid Voltage Fault",
        "Grid Frequency Fault",
        "Grid 10min Voltage Fault",
        "EPS Voltage Fault",
        "Software Inverter Over-current Fault",
        "DCI Fault",
        null,
        "Hardware Inverter Over-current Fault",
        "Software Bus Voltage Fault",
        "Battery Voltage Fault",
        "Software Battery Over-current Fault",
        "Isolation Fault",
        "Residual Over-current Fault",
        "PV Voltage Fault",
        "Software PV Over-current Fault"
      ],
      [
        "Inverter Temperature Fault",
        "Ground Connection Fault",
        "Inverter Overload Fault",
        "EPS Overload Fault",
        "Battery Power Low Fault",
        "Hardware Bus Voltage Fault",
        "Hardware PV Over-current Fault",
        "Hardware Battery Over-current Fault",
        "SCI Fault",
        "Master SPI Fault",
        "BMS Lost Fault",
        null,
        null,
        null,
        null,
        null
      ],
      [
        "Master Sample Detection Fault",
        "Residual Current Detection Fault",
        "Inverter EEPROM Fault",
        "PV Connection Direction Fault",
        "Battery Relay Open",
        "Battery Relay Short Circuit",
        "Battery Buck Fault",
        "Battery Boost Fault",
        "EPS Relay Fault",
        "Short EPS Load Fault",
        "Battery Connection Direction Fault",
        "Main Relay Open",
        "S1 Close Fault",
        "S2 Close Fault",
        "M1 Close Fault",
        "M2 Close Fault"
      ],
      [
        "Grid Voltage Consistency Fault",
        "Grid Frequency Consistency Fault",
        "DCI Consistency Fault",
        "Residual Current Consistency Fault",
        null,
        null,
        "Slave SPI Fault",
        "Slave Sample Fault",
        "RDSP SPI Fault",
        "RDSP Sample Fault",
        null,
        null,
        null,
        null,
        null,
        null
      ],
      [
        "ARM EEPROM Fault",
        "Meter Lost Fault",
        null,
        null,
        null,
        null,
        null,
        null,
        null,
        null,
        null,
        null,
        null,
        null,
        null,
        null
      ],
      [
        "BMS External Fault",
        "BMS Internal Fault",
        "Battery Over-voltage",
        "Battery under-voltage",
        "BMS Charge Over-current",
        "BMS Discharge Over-current",
        "BMS Over-temperature",
        "BMS Under-temperature",
        "BMS Cell Imbalance",
        "BMS Hardware Protection Fault",
        "BMS Circuit Fault",
        "BMS Insulation Fault",
        "BMS Voltage Sensor Fault",
        "BMS Temperature Sensor Fault",
        "BMS Current Sensor Fault",
        "BMS Relay Fault"
      ],
      [
        "BMS Type Mismatch",
        "BMS Version Mismatch",
        "BMS Manufacturer Mismatch",
        "BMS Software/Hardware Mismatch",
        "BMS Master/Slave Mismatch",
        "BMS Charge Request Not Acknowledged",
        "BMS Supply Fault",
        null,
        "BMS Self Check Fault",
        "BMS Cell Temperature Difference Fault",
        "BMS Cell Voltage Break Line Fault",
        "BMS Self Check Voltage Mismatch Fault",
        "BMS Precharge Fault",
        "BMS Self Check HVB Fault",
        "BMS Self Check Pack Current Fault",
        "BMS Self Check Sys Mismatch Fault"
      ]
    ],
    "key": "inverter_fault_code",
    "name": "Inverter Fault Code",
    "type": "fault-sensor"
  },
  {
    "addresses": [
      31027
    ],
    "key": "inverter_state",
    "name": "Inverter State",
    "states": [
      "Waiting",
      "Checking",
      "On Grid",
      "Off Grid / EPS",
      "Recoverable Fault",
      "Unrecoverable Fault"
    ],
    "type": "inverter-state-sensor"
  },
  {
    "addresses": [
      31018
    ],
    "key": "invtemp",
    "name": "Inverter Temp",
    "scale": 0.1,
    "signed": true,
    "type": "sensor"
  },
  {
    "addresses": [
      31016
    ],
    "key": "load_power",
    "name": "Load Power",
    "scale": 0.001,
    "signed": true,
    "type": "sensor"
  },
  {
    "key": "load_power_total",
    "method": "left",
    "name": "Load Energy Total",
    "source": "load_power",
    "type": "integration-sensor",
    "unit_time": "h"
  },
  {
    "addresses": [
      30018
    ],
    "is_hex": false,
    "key": "manager_version",
    "name": "Version: Manager",
    "type": "sensor"
  },
  {
    "addresses": [
      30016
    ],
    "is_hex": false,
    "key": "master_version",
    "name": "Version: Master",
    "type": "sensor"
  },
  {
    "addresses": [
      31001
    ],
    "key": "pv1_current",
    "name": "PV1 Current",
    "scale": 0.1,
    "signed": true,
    "type": "sensor"
  },
  {
    "key": "pv1_energy_total",
    "method": "left",
    "name": "PV1 Power Total",
    "source": "pv1_power",
    "type": "integration-sensor",
    "unit_time": "h"
  },
  {
    "addresses": [
      31002
    ],
    "key": "pv1_power",
    "name": "PV1 Power",
    "scale": 0.001,
    "signed": true,
    "type": "sensor"
  },
  {
    "addresses": [
      31000
    ],
    "key": "pv1_voltage",
    "name": "PV1 Voltage",
    "scale": 0.1,
    "signed": true,
    "type": "sensor"
  },
  {
    "addresses": [
      31004
    ],
    "key": "pv2_current",
    "name": "PV2 Current",
    "scale": 0.1,
    "signed": true,
    "type": "sensor"
  },
  {
    "key": "pv2_energy_total",
    "method": "left",
    "name": "PV2 Power Total",
    "source": "pv2_power",
    "type": "integration-sensor",
    "unit_time": "h"
  },
  {
    "addresses": [
      31005
    ],
    "key": "pv2_power",
    "name": "PV2 Power",
    "scale": 0.001,
    "signed": true,
    "type": "sensor"
  },
  {
    "addresses": [
      31003
    ],
    "key": "pv2_voltage",
    "name": "PV2 Voltage",
    "scale": 0.1,
    "signed": true,
    "type": "sensor"
  },
  {
    "key": "pv_power_now",
    "name": "PV Power",
    "sources": [
      "pv1_power",
      "pv2_power"
    ],
    "type": "lambda"
  },
  {
    "addresses": [
      31007
    ],
    "key": "rcurrent",
    "name": "Inverter Current",
    "scale": 0.1,
    "signed": true,
    "type": "sensor"
  },
  {
    "addresses": [
      31009
    ],
    "key": "rfreq",
    "name": "Grid Frequency",
    "scale": 0.01,
    "signed": false,
    "type": "sensor"
  },
  {
    "addresses": [
      31008
    ],
    "key": "rpower",
    "name": "Inverter Power",
    "scale": 0.001,
    "signed": true,
    "type": "sensor"
  },
  {
    "addresses": [
      31006
    ],
    "key": "rvolt",
    "name": "Grid Voltage",
    "scale": 0.1,
    "signed": false,
    "type": "sensor"
  },
  {
    "addresses": [
      30017
    ],
    "is_hex": false,
    "key": "slave_version",
    "name": "Version: Slave",
    "type": "sensor"
  }
]
