[
  {
    "addresses": [
      31019
    ],
    "key": "ambtemp",
    "name": "Ambient Temp",
    "scale": 0.1,
    "signed": true,
    "type": "sensor"
  },
  {
    "addresses": [
      31022
    ],
    "key": "battery_charge",
    "name": "Battery Charge",
    "scale": 0.001,
    "signed": true,
    "type": "sensor"
  },
  {
    "addresses": [
      32005
    ],
    "key": "battery_charge_today",
    "name": "Battery Charge Today",
    "scale": 0.1,
    "signed": true,
    "type": "sensor"
  },
  {
    "addresses": [
      32004,
      32003
    ],
    "key": "battery_charge_total",
    "name": "Battery Charge Total",
    "scale": 0.1,
    "signed": false,
    "type": "sensor"
  },
  {
    "addresses": [
      31022
    ],
    "key": "battery_discharge",
    "name": "Battery Discharge",
    "scale": 0.001,
    "signed": true,
    "type": "sensor"
  },
  {
    "addresses": [
      32008
    ],
    "key": "battery_discharge_today",
    "name": "Battery Discharge Today",
    "scale": 0.1,
    "signed": true,
    "type": "sensor"
  },
  {
    "addresses": [
      32007,
      32006
    ],
    "key": "battery_discharge_total",
    "name": "Battery Discharge Total",
    "scale": 0.1,
    "signed": false,
    "type": "sensor"
  },
  {
    "addresses": [
      31024
    ],
    "key": "battery_soc",
    "name": "Battery SoC",
    "scale": null,
    "signed": false,
    "type": "sensor"
  },
  {
    "addresses": [
      31023
    ],
    "key": "battery_temp",
    "name": "Battery Temp",
    "scale": 0.1,
    "signed": true,
    "type": "sensor"
  },
  {
    "addresses": [
      31025
    ],
    "key": "bms_charge_rate",
    "name": "BMS Charge Rate",
    "scale": 0.1,
    "signed": false,
    "type": "sensor"
  },
  {
    "addresses": [
      31026
    ],
    "key": "bms_discharge_rate",
    "name": "BMS Discharge Rate",
    "scale": 0.1,
    "signed": false,
    "type": "sensor"
  },
  {
    "addresses": [
      37632
    ],
    "key": "bms_kwh_remaining",
    "name": "BMS kWh Remaining",
    "scale": 0.01,
    "signed": false,
    "type": "sensor"
  },
  {
    "addresses": [
      31015
    ],
    "key": "ct2_meter",
    "name": "CT2 Meter",
    "scale": 0.001,
    "signed": true,
    "type": "sensor"
  },
  {
    "addresses": [
      31013
    ],
    "key": "eps_frequency",
    "name": "EPS Frequency",
    "scale": 0.01,
    "signed": false,
    "type": "sensor"
  },
  {
    "addresses": [
      31011
    ],
    "key": "eps_rcurrent",
    "name": "EPS Current",
    "scale": 0.1,
    "signed": true,
    "type": "sensor"
  },
  {
    "addresses": [
      31012
    ],
    "key": "eps_rpower",
    "name": "EPS Power",
    "scale": 0.001,
    "signed": true,
    "type": "sensor"
  },
  {
    "addresses": [
      31010
    ],
    "key": "eps_rvolt",
    "name": "EPS Voltage",
    "scale": 0.1,
    "signed": false,
    "type": "sensor"
  },
  {
    "addresses": [
      31014
    ],
    "key": "feed_in",
    "name": "Feed-in",
    "scale": 0.001,
    "signed": true,
    "type": "sensor"
  },
  {
    "addresses": [
      32011
    ],
    "key": "feed_in_energy_today",
    "name": "Feed-in Today",
    "scale": 0.1,
    "signed": true,
    "type": "sensor"
  },
  {
    "addresses": [
      32010,
      32009
    ],
    "key": "feed_in_energy_total",
    "name": "Feed-in Total",
    "scale": 0.1,
    "signed": false,
    "type": "sensor"
  },
  {
    "addresses": [
      31014
    ],
    "key": "grid_consumption",
    "name": "Grid Consumption",
    "scale": 0.001,
    "signed": true,
    "type": "sensor"
  },
  {
    "addresses": [
      32014
    ],
    "key": "grid_consumption_energy_today",
    "name": "Grid Consumption Today",
    "scale": 0.1,
    "signed": true,
    "type": "sensor"
  },
  {
    "addresses": [
      32013,
      32012
    ],
    "key": "grid_consumption_energy_total",
    "name": "Grid Consumption Total",
    "scale": 0.1,
    "signed": false,
    "type": "sensor"
  },
  {
    "addresses": [
      31014
    ],
    "key": "grid_ct",
    "name": "Grid CT",
    "scale": 0.001,
    "signed": true,
    "type": "sensor"
  },
  {
    "addresses": [
      32020
    ],
    "key": "input_energy_today",
    "name": "Input Energy Today",
    "scale": 0.1,
    "signed": true,
    "type": "sensor"
  },
  {
    "addresses": [
      32019,
      32018
    ],
    "key": "input_energy_total",
    "name": "Input Energy Total",
    "scale": 0.1,
    "signed": false,
    "type": "sensor"
  },
  {
    "addresses": [
      31021
    ],
    "key": "invbatcurrent",
    "name": "Inverter Battery Current",
    "scale": 0.1,
    "signed": true,
    "type": "sensor"
  },
  {
    "addresses": [
      31022
    ],
    "key": "invbatpower",
    "name": "Inverter Battery Power",
    "scale": 0.001,
    "signed": true,
    "type": "sensor"
  },
  {
    "addresses": [
      31020
    ],
    "key": "invbatvolt",
    "name": "Inverter Battery Voltage",
    "scale": 0.1,
    "signed": true,
    "type": "sensor"
  },
  {
    "addresses": [
      39063,
      39065
    ],
    "key": "inverter_state",
    "name": "Inverter State",
    "type": "inverter-state-sensor"
  },
  {
    "addresses": [
      31018
    ],
    "key": "invtemp",
    "name": "Inverter Temp",
    "scale": 0.1,
    "signed": true,
    "type": "sensor"
  },
  {
    "addresses": [
      32023
    ],
    "key": "load_energy_today",
    "name": "Load Energy Today",
    "scale": 0.1,
    "signed": true,
    "type": "sensor"
  },
  {
    "addresses": [
      31016
    ],
    "key": "load_power",
    "name": "Load Power",
    "scale": 0.001,
    "signed": true,
    "type": "sensor"
  },
  {
    "addresses": [
      32022,
      32021
    ],
    "key": "load_power_total",
    "name": "Load Energy Total",
    "scale": 0.1,
    "signed": false,
    "type": "sensor"
  },
  {
    "addresses": [
      36003
    ],
    "is_hex": true,
    "key": "manager_version",
    "name": "Version: Manager",
    "type": "sensor"
  },
  {
    "addresses": [
      36001
    ],
    "is_hex": true,
    "key": "master_version",
    "name": "Version: Master",
    "type": "sensor"
  },
  {
    "addresses": [
      41007
    ],
    "key": "max_charge_current",
    "name": "Max Charge Current",
    "scale": 0.1,
    "signed": true,
    "type": "sensor"
  },
  {
    "addresses": [
      41007
    ],
    "key": "max_charge_current",
    "name": "Max Charge Current",
    "scale": 0.1,
    "type": "number"
  },
  {
    "addresses": [
      41008
    ],
    "key": "max_discharge_current",
    "name": "Max Discharge Current",
    "scale": 0.1,
    "signed": true,
    "type": "sensor"
  },
  {
    "addresses": [
      41008
    ],
    "key": "max_discharge_current",
    "name": "Max Discharge Current",
    "scale": 0.1,
    "type": "number"
  },
  {
    "addresses": [
      41010
    ],
    "key": "max_soc",
    "name": "Max SoC",
    "scale": null,
    "signed": true,
    "type": "sensor"
  },
  {
    "addresses": [
      41010
    ],
    "key": "max_soc",
    "name": "Max SoC",
    "scale": null,
    "type": "number"
  },
  {
    "addresses": [
      41009
    ],
    "key": "min_soc",
    "name": "Min SoC",
    "scale": null,
    "signed": true,
    "type": "sensor"
  },
  {
    "addresses": [
      41009
    ],
    "key": "min_soc",
    "name": "Min SoC",
    "scale": null,
    "type": "number"
  },
  {
    "addresses": [
      41011
    ],
    "key": "min_soc_on_grid",
    "name": "Min SoC (On Grid)",
    "scale": null,
    "signed": true,
    "type": "sensor"
  },
  {
    "addresses": [
      41011
    ],
    "key": "min_soc_on_grid",
    "name": "Min SoC (On Grid)",
    "scale": null,
    "type": "number"
  },
  {
    "addresses": [
      39071
    ],
    "key": "pv1_current",
    "name": "PV1 Current",
    "scale": 0.01,
    "signed": true,
    "type": "sensor"
  },
  {
    "key": "pv1_energy_total",
    "method": "left",
    "name": "PV1 Power Total",
    "source": "pv1_power",
    "type": "integration-sensor",
    "unit_time": "h"
  },
  {
    "addresses": [
      39280
    ],
    "key": "pv1_power",
    "name": "PV1 Power",
    "scale": 0.001,
    "signed": true,
    "type": "sensor"
  },
  {
    "addresses": [
      39070
    ],
    "key": "pv1_voltage",
    "name": "PV1 Voltage",
    "scale": 0.1,
    "signed": true,
    "type": "sensor"
  },
  {
    "addresses": [
      39073
    ],
    "key": "pv2_current",
    "name": "PV2 Current",
    "scale": 0.01,
    "signed": true,
    "type": "sensor"
  },
  {
    "key": "pv2_energy_total",
    "method": "left",
    "name": "PV2 Power Total",
    "source": "pv2_power",
    "type": "integration-sensor",
    "unit_time": "h"
  },
  {
    "addresses": [
      39282
    ],
    "key": "pv2_power",
    "name": "PV2 Power",
    "scale": 0.001,
    "signed": true,
    "type": "sensor"
  },
  {
    "addresses": [
      39072
    ],
    "key": "pv2_voltage",
    "name": "PV2 Voltage",
    "scale": 0.1,
    "signed": true,
    "type": "sensor"
  },
  {
    "key": "pv_power_now",
    "name": "PV Power",
    "sources": [
      "pv1_power",
      "pv2_power"
    ],
    "type": "lambda"
  },
  {
    "addresses": [
      31007
    ],
    "key": "rcurrent",
    "name": "Inverter Current",
    "scale": 0.1,
    "signed": true,
    "type": "sensor"
  },
  {
    "addresses": [
      31009
    ],
    "key": "rfreq",
    "name": "Grid Frequency",
    "scale": 0.01,
    "signed": false,
    "type": "sensor"
  },
  {
    "addresses": [
      31008
    ],
    "key": "rpower",
    "name": "Inverter Power",
    "scale": 0.001,
    "signed": true,
    "type": "sensor"
  },
  {
    "addresses": [
      31006
    ],
    "key": "rvolt",
    "name": "Grid Voltage",
    "scale": 0.1,
    "signed": false,
    "type": "sensor"
  },
  {
    "addresses": [
      36002
    ],
    "is_hex": true,
    "key": "slave_version",
    "name": "Version: Slave",
    "type": "sensor"
  },
  {
    "addresses": [
      32002
    ],
    "key": "solar_energy_today",
    "name": "Solar Generation Today",
    "scale": 0.1,
    "signed": false,
    "type": "sensor"
  },
  {
    "addresses": [
      32001,
      32000
    ],
    "key": "solar_energy_total",
    "name": "Solar Generation Total",
    "scale": 0.1,
    "signed": false,
    "type": "sensor"
  },
  {
    "addresses": [
      41001
    ],
    "key": "time_period_1_enable_charge_from_grid",
    "name": "Period 1 - Enable Charge from Grid",
    "type": "binary-sensor"
  },
  {
    "end_addresses": [
      41003
    ],
    "key": "time_period_1_enable_force_charge",
    "name": "Period 1 - Enable Force Charge",
    "start_addresses": [
      41002
    ],
    "type": "charge-period-enabled"
  },
  {
    "addresses": [
      41003
    ],
    "key": "time_period_1_end",
    "name": "Period 1 - End",
    "other_addresses": 41002,
    "type": "charge-period-time"
  },
  {
    "addresses": [
      41002
    ],
    "key": "time_period_1_start",
    "name": "Period 1 - Start",
    "other_addresses": 41003,
    "type": "charge-period-time"
  },
  {
    "addresses": [
      41004
    ],
    "key": "time_period_2_enable_charge_from_grid",
    "name": "Period 2 - Enable Charge from Grid",
    "type": "binary-sensor"
  },
  {
    "end_addresses": [
      41006
    ],
    "key": "time_period_2_enable_force_charge",
    "name": "Period 2 - Enable Force Charge",
    "start_addresses": [
      41005
    ],
    "type": "charge-period-enabled"
  },
  {
    "addresses": [
      41006
    ],
    "key": "time_period_2_end",
    "name": "Period 2 - End",
    "other_addresses": 41005,
    "type": "charge-period-time"
  },
  {
    "addresses": [
      41005
    ],
    "key": "time_period_2_start",
    "name": "Period 2 - Start",
    "other_addresses": 41006,
    "type": "charge-period-time"
  },
  {
    "addresses": [
      32017
    ],
    "key": "total_yield_today",
    "name": "Yield Today",
    "scale": 0.1,
    "signed": true,
    "type": "sensor"
  },
  {
    "addresses": [
      32016,
      32015
    ],
    "key": "total_yield_total",
    "name": "Yield Total",
    "scale": 0.1,
    "signed": false,
    "type": "sensor"
  },
  {
    "addresses": [
      41000
    ],
    "key": "work_mode",
    "name": "Work Mode",
    "type": "select",
    "values": {
      "0": "Self Use",
      "1": "Feed-in First",
      "2": "Back-up",
      "4": "Peak Shaving"
    }
  }
]
